com\cebrail\app\service\MailService.class
com\cebrail\app\domain\AbstractAuditingEntity_.class
com\cebrail\app\web\rest\UserJWTController.class
com\cebrail\app\config\LoggingConfiguration.class
com\cebrail\app\config\audit\AuditEventConverter.class
com\cebrail\app\domain\PersistentAuditEvent_.class
META-INF\spring-configuration-metadata.json
com\cebrail\app\config\DatabaseConfiguration.class
com\cebrail\app\repository\AuthorRepository.class
com\cebrail\app\security\UserNotActivatedException.class
com\cebrail\app\service\AuditEventService.class
com\cebrail\app\service\dto\BookCriteria.class
com\cebrail\app\config\JacksonConfiguration.class
com\cebrail\app\domain\User_.class
com\cebrail\app\security\SpringSecurityAuditorAware.class
com\cebrail\app\web\rest\UserJWTController$JWTToken.class
com\cebrail\app\config\LiquibaseConfiguration.class
com\cebrail\app\config\LoggingAspectConfiguration.class
com\cebrail\app\service\mapper\UserMapper.class
com\cebrail\app\web\rest\errors\EmailAlreadyUsedException.class
com\cebrail\app\domain\Authority.class
com\cebrail\app\service\EmailAlreadyUsedException.class
com\cebrail\app\repository\AuthorityRepository.class
com\cebrail\app\service\dto\PasswordChangeDTO.class
com\cebrail\app\service\BookService.class
com\cebrail\app\config\Constants.class
com\cebrail\app\config\CacheConfiguration.class
com\cebrail\app\domain\Book_.class
com\cebrail\app\repository\PersistenceAuditEventRepository.class
com\cebrail\app\config\CloudDatabaseConfiguration.class
com\cebrail\app\domain\User.class
com\cebrail\app\service\dto\UserDTO.class
com\cebrail\app\domain\Author_.class
com\cebrail\app\config\StaticResourcesWebConfiguration.class
com\cebrail\app\web\rest\errors\InvalidPasswordException.class
com\cebrail\app\web\rest\errors\BadRequestAlertException.class
com\cebrail\app\config\WebConfigurer.class
com\cebrail\app\service\UserService.class
com\cebrail\app\security\SecurityUtils.class
com\cebrail\app\web\rest\AccountResource.class
com\cebrail\app\web\rest\UserResource.class
com\cebrail\app\web\rest\vm\ManagedUserVM.class
com\cebrail\app\web\rest\AuthorResource.class
com\cebrail\app\domain\Author.class
com\cebrail\app\config\SecurityConfiguration.class
com\cebrail\app\config\ApplicationProperties.class
com\cebrail\app\service\dto\AuthorCriteria.class
com\cebrail\app\web\rest\errors\LoginAlreadyUsedException.class
com\cebrail\app\domain\Book.class
com\cebrail\app\domain\Authority_.class
com\cebrail\app\web\rest\vm\KeyAndPasswordVM.class
com\cebrail\app\web\rest\errors\ExceptionTranslator.class
com\cebrail\app\web\rest\BookResource.class
com\cebrail\app\ApplicationWebXml.class
com\cebrail\app\web\rest\AuditResource.class
com\cebrail\app\web\rest\AccountResource$AccountResourceException.class
com\cebrail\app\repository\UserRepository.class
com\cebrail\app\domain\PersistentAuditEvent.class
com\cebrail\app\aop\logging\LoggingAspect.class
com\cebrail\app\service\InvalidPasswordException.class
com\cebrail\app\web\rest\errors\ErrorConstants.class
com\cebrail\app\security\DomainUserDetailsService.class
com\cebrail\app\config\LocaleConfiguration.class
com\cebrail\app\config\AsyncConfiguration.class
com\cebrail\app\repository\BookRepository.class
com\cebrail\app\security\jwt\JWTFilter.class
com\cebrail\app\security\AuthoritiesConstants.class
com\cebrail\app\config\DateTimeFormatConfiguration.class
com\cebrail\app\service\BookQueryService.class
com\cebrail\app\CebrailappApp.class
com\cebrail\app\domain\AbstractAuditingEntity.class
com\cebrail\app\web\rest\ClientForwardController.class
com\cebrail\app\web\rest\AccountResource$1.class
com\cebrail\app\security\jwt\TokenProvider.class
com\cebrail\app\security\jwt\JWTConfigurer.class
com\cebrail\app\service\AuthorService.class
com\cebrail\app\web\rest\vm\LoginVM.class
com\cebrail\app\service\AuthorQueryService.class
com\cebrail\app\repository\CustomAuditEventRepository.class
com\cebrail\app\service\UsernameAlreadyUsedException.class
com\cebrail\app\web\rest\errors\FieldErrorVM.class
