C:\Users\cebra\deneme\src\main\java\com\cebrail\app\config\package-info.java
C:\Users\cebra\deneme\src\main\java\com\cebrail\app\security\jwt\TokenProvider.java
C:\Users\cebra\deneme\src\main\java\com\cebrail\app\config\JacksonConfiguration.java
C:\Users\cebra\deneme\src\main\java\com\cebrail\app\service\AuthorService.java
C:\Users\cebra\deneme\src\main\java\com\cebrail\app\config\ApplicationProperties.java
C:\Users\cebra\deneme\src\main\java\com\cebrail\app\service\package-info.java
C:\Users\cebra\deneme\src\main\java\com\cebrail\app\web\rest\errors\LoginAlreadyUsedException.java
C:\Users\cebra\deneme\src\main\java\com\cebrail\app\config\CloudDatabaseConfiguration.java
C:\Users\cebra\deneme\src\main\java\com\cebrail\app\domain\Author.java
C:\Users\cebra\deneme\src\main\java\com\cebrail\app\service\dto\PasswordChangeDTO.java
C:\Users\cebra\deneme\src\main\java\com\cebrail\app\service\EmailAlreadyUsedException.java
C:\Users\cebra\deneme\src\main\java\com\cebrail\app\config\DateTimeFormatConfiguration.java
C:\Users\cebra\deneme\src\main\java\com\cebrail\app\domain\PersistentAuditEvent.java
C:\Users\cebra\deneme\src\main\java\com\cebrail\app\config\Constants.java
C:\Users\cebra\deneme\src\main\java\com\cebrail\app\config\StaticResourcesWebConfiguration.java
C:\Users\cebra\deneme\src\main\java\com\cebrail\app\service\mapper\UserMapper.java
C:\Users\cebra\deneme\src\main\java\com\cebrail\app\domain\Authority.java
C:\Users\cebra\deneme\src\main\java\com\cebrail\app\config\AsyncConfiguration.java
C:\Users\cebra\deneme\src\main\java\com\cebrail\app\service\mapper\package-info.java
C:\Users\cebra\deneme\src\main\java\com\cebrail\app\service\dto\AuthorCriteria.java
C:\Users\cebra\deneme\src\main\java\com\cebrail\app\web\rest\errors\FieldErrorVM.java
C:\Users\cebra\deneme\src\main\java\com\cebrail\app\domain\package-info.java
C:\Users\cebra\deneme\src\main\java\com\cebrail\app\domain\Book.java
C:\Users\cebra\deneme\src\main\java\com\cebrail\app\web\rest\vm\KeyAndPasswordVM.java
C:\Users\cebra\deneme\src\main\java\com\cebrail\app\repository\package-info.java
C:\Users\cebra\deneme\src\main\java\com\cebrail\app\config\DatabaseConfiguration.java
C:\Users\cebra\deneme\src\main\java\com\cebrail\app\config\LoggingConfiguration.java
C:\Users\cebra\deneme\src\main\java\com\cebrail\app\security\AuthoritiesConstants.java
C:\Users\cebra\deneme\src\main\java\com\cebrail\app\config\audit\package-info.java
C:\Users\cebra\deneme\src\main\java\com\cebrail\app\service\AuditEventService.java
C:\Users\cebra\deneme\src\main\java\com\cebrail\app\web\rest\package-info.java
C:\Users\cebra\deneme\src\main\java\com\cebrail\app\web\rest\UserJWTController.java
C:\Users\cebra\deneme\src\main\java\com\cebrail\app\web\rest\UserResource.java
C:\Users\cebra\deneme\src\main\java\com\cebrail\app\config\LiquibaseConfiguration.java
C:\Users\cebra\deneme\src\main\java\com\cebrail\app\web\rest\errors\ErrorConstants.java
C:\Users\cebra\deneme\src\main\java\com\cebrail\app\service\AuthorQueryService.java
C:\Users\cebra\deneme\src\main\java\com\cebrail\app\web\rest\AuditResource.java
C:\Users\cebra\deneme\src\main\java\com\cebrail\app\web\rest\AccountResource.java
C:\Users\cebra\deneme\src\main\java\com\cebrail\app\service\UsernameAlreadyUsedException.java
C:\Users\cebra\deneme\src\main\java\com\cebrail\app\repository\BookRepository.java
C:\Users\cebra\deneme\src\main\java\com\cebrail\app\web\rest\vm\package-info.java
C:\Users\cebra\deneme\src\main\java\com\cebrail\app\aop\logging\LoggingAspect.java
C:\Users\cebra\deneme\src\main\java\com\cebrail\app\security\package-info.java
C:\Users\cebra\deneme\src\main\java\com\cebrail\app\security\SpringSecurityAuditorAware.java
C:\Users\cebra\deneme\src\main\java\com\cebrail\app\CebrailappApp.java
C:\Users\cebra\deneme\src\main\java\com\cebrail\app\security\UserNotActivatedException.java
C:\Users\cebra\deneme\src\main\java\com\cebrail\app\service\dto\package-info.java
C:\Users\cebra\deneme\src\main\java\com\cebrail\app\web\rest\vm\LoginVM.java
C:\Users\cebra\deneme\src\main\java\com\cebrail\app\web\rest\errors\package-info.java
C:\Users\cebra\deneme\src\main\java\com\cebrail\app\service\MailService.java
C:\Users\cebra\deneme\src\main\java\com\cebrail\app\repository\AuthorityRepository.java
C:\Users\cebra\deneme\src\main\java\com\cebrail\app\ApplicationWebXml.java
C:\Users\cebra\deneme\src\main\java\com\cebrail\app\security\SecurityUtils.java
C:\Users\cebra\deneme\src\main\java\com\cebrail\app\domain\User.java
C:\Users\cebra\deneme\src\main\java\com\cebrail\app\repository\PersistenceAuditEventRepository.java
C:\Users\cebra\deneme\src\main\java\com\cebrail\app\security\jwt\JWTConfigurer.java
C:\Users\cebra\deneme\src\main\java\com\cebrail\app\service\BookQueryService.java
C:\Users\cebra\deneme\src\main\java\com\cebrail\app\web\rest\ClientForwardController.java
C:\Users\cebra\deneme\src\main\java\com\cebrail\app\config\audit\AuditEventConverter.java
C:\Users\cebra\deneme\src\main\java\com\cebrail\app\repository\UserRepository.java
C:\Users\cebra\deneme\src\main\java\com\cebrail\app\security\DomainUserDetailsService.java
C:\Users\cebra\deneme\src\main\java\com\cebrail\app\domain\AbstractAuditingEntity.java
C:\Users\cebra\deneme\src\main\java\com\cebrail\app\repository\AuthorRepository.java
C:\Users\cebra\deneme\src\main\java\com\cebrail\app\security\jwt\JWTFilter.java
C:\Users\cebra\deneme\src\main\java\com\cebrail\app\service\InvalidPasswordException.java
C:\Users\cebra\deneme\src\main\java\com\cebrail\app\config\SecurityConfiguration.java
C:\Users\cebra\deneme\src\main\java\com\cebrail\app\web\rest\AuthorResource.java
C:\Users\cebra\deneme\src\main\java\com\cebrail\app\config\LocaleConfiguration.java
C:\Users\cebra\deneme\src\main\java\com\cebrail\app\web\rest\errors\EmailAlreadyUsedException.java
C:\Users\cebra\deneme\src\main\java\com\cebrail\app\service\dto\UserDTO.java
C:\Users\cebra\deneme\src\main\java\com\cebrail\app\web\rest\errors\InvalidPasswordException.java
C:\Users\cebra\deneme\src\main\java\com\cebrail\app\config\WebConfigurer.java
C:\Users\cebra\deneme\src\main\java\com\cebrail\app\service\BookService.java
C:\Users\cebra\deneme\src\main\java\com\cebrail\app\service\dto\BookCriteria.java
C:\Users\cebra\deneme\src\main\java\com\cebrail\app\web\rest\vm\ManagedUserVM.java
C:\Users\cebra\deneme\src\main\java\com\cebrail\app\repository\CustomAuditEventRepository.java
C:\Users\cebra\deneme\src\main\java\com\cebrail\app\web\rest\errors\ExceptionTranslator.java
C:\Users\cebra\deneme\src\main\java\com\cebrail\app\web\rest\BookResource.java
C:\Users\cebra\deneme\src\main\java\com\cebrail\app\config\CacheConfiguration.java
C:\Users\cebra\deneme\src\main\java\com\cebrail\app\config\LoggingAspectConfiguration.java
C:\Users\cebra\deneme\src\main\java\com\cebrail\app\web\rest\errors\BadRequestAlertException.java
C:\Users\cebra\deneme\src\main\java\com\cebrail\app\service\UserService.java
