com\cebrail\app\repository\CustomAuditEventRepositoryIT.class
com\cebrail\app\web\rest\WithUnauthenticatedMockUser.class
com\cebrail\app\web\rest\ClientForwardControllerTest$TestController.class
com\cebrail\app\repository\timezone\DateTimeWrapper.class
com\cebrail\app\config\StaticResourcesWebConfigurerTest.class
com\cebrail\app\web\rest\TestUtil$ZonedDateTimeMatcher.class
com\cebrail\app\web\rest\AccountResourceIT.class
com\cebrail\app\web\rest\AuditResourceIT.class
com\cebrail\app\web\rest\ClientForwardControllerTest.class
com\cebrail\app\service\AuditEventServiceIT.class
com\cebrail\app\repository\timezone\DateTimeWrapperRepository.class
com\cebrail\app\web\rest\UserJWTControllerIT.class
com\cebrail\app\service\mapper\UserMapperTest.class
com\cebrail\app\web\rest\BookResourceIT.class
com\cebrail\app\web\rest\UserResourceIT.class
com\cebrail\app\security\SecurityUtilsUnitTest.class
com\cebrail\app\config\NoOpMailConfiguration.class
com\cebrail\app\web\rest\errors\ExceptionTranslatorTestController.class
com\cebrail\app\web\rest\errors\ExceptionTranslatorTestController$TestDTO.class
com\cebrail\app\web\rest\WithUnauthenticatedMockUser$Factory.class
com\cebrail\app\ArchTest.class
com\cebrail\app\security\DomainUserDetailsServiceIT.class
com\cebrail\app\service\UserServiceIT.class
com\cebrail\app\domain\BookTest.class
com\cebrail\app\domain\AuthorTest.class
com\cebrail\app\service\MailServiceIT.class
com\cebrail\app\web\rest\AuthorResourceIT.class
com\cebrail\app\web\rest\errors\ExceptionTranslatorTestController$TestResponseStatusException.class
com\cebrail\app\security\jwt\TokenProviderTest.class
com\cebrail\app\security\jwt\JWTFilterTest.class
com\cebrail\app\config\timezone\HibernateTimeZoneIT.class
com\cebrail\app\config\WebConfigurerTestController.class
com\cebrail\app\web\rest\TestUtil.class
com\cebrail\app\config\WebConfigurerTest.class
com\cebrail\app\web\rest\errors\ExceptionTranslatorIT.class
com\cebrail\app\repository\timezone\DateTimeWrapper_.class
