C:\Users\cebra\deneme\src\test\java\com\cebrail\app\security\jwt\TokenProviderTest.java
C:\Users\cebra\deneme\src\test\java\com\cebrail\app\config\NoOpMailConfiguration.java
C:\Users\cebra\deneme\src\test\java\com\cebrail\app\domain\BookTest.java
C:\Users\cebra\deneme\src\test\java\com\cebrail\app\web\rest\AccountResourceIT.java
C:\Users\cebra\deneme\src\test\java\com\cebrail\app\ArchTest.java
C:\Users\cebra\deneme\src\test\java\com\cebrail\app\repository\timezone\DateTimeWrapper.java
C:\Users\cebra\deneme\src\test\java\com\cebrail\app\web\rest\AuthorResourceIT.java
C:\Users\cebra\deneme\src\test\java\com\cebrail\app\service\AuditEventServiceIT.java
C:\Users\cebra\deneme\src\test\java\com\cebrail\app\config\WebConfigurerTest.java
C:\Users\cebra\deneme\src\test\java\com\cebrail\app\service\mapper\UserMapperTest.java
C:\Users\cebra\deneme\src\test\java\com\cebrail\app\web\rest\AuditResourceIT.java
C:\Users\cebra\deneme\src\test\java\com\cebrail\app\web\rest\TestUtil.java
C:\Users\cebra\deneme\src\test\java\com\cebrail\app\web\rest\WithUnauthenticatedMockUser.java
C:\Users\cebra\deneme\src\test\java\com\cebrail\app\config\WebConfigurerTestController.java
C:\Users\cebra\deneme\src\test\java\com\cebrail\app\config\StaticResourcesWebConfigurerTest.java
C:\Users\cebra\deneme\src\test\java\com\cebrail\app\domain\AuthorTest.java
C:\Users\cebra\deneme\src\test\java\com\cebrail\app\web\rest\BookResourceIT.java
C:\Users\cebra\deneme\src\test\java\com\cebrail\app\service\UserServiceIT.java
C:\Users\cebra\deneme\src\test\java\com\cebrail\app\service\MailServiceIT.java
C:\Users\cebra\deneme\src\test\java\com\cebrail\app\config\timezone\HibernateTimeZoneIT.java
C:\Users\cebra\deneme\src\test\java\com\cebrail\app\security\DomainUserDetailsServiceIT.java
C:\Users\cebra\deneme\src\test\java\com\cebrail\app\web\rest\ClientForwardControllerTest.java
C:\Users\cebra\deneme\src\test\java\com\cebrail\app\security\jwt\JWTFilterTest.java
C:\Users\cebra\deneme\src\test\java\com\cebrail\app\repository\timezone\DateTimeWrapperRepository.java
C:\Users\cebra\deneme\src\test\java\com\cebrail\app\security\SecurityUtilsUnitTest.java
C:\Users\cebra\deneme\src\test\java\com\cebrail\app\repository\CustomAuditEventRepositoryIT.java
C:\Users\cebra\deneme\src\test\java\com\cebrail\app\web\rest\errors\ExceptionTranslatorIT.java
C:\Users\cebra\deneme\src\test\java\com\cebrail\app\web\rest\errors\ExceptionTranslatorTestController.java
C:\Users\cebra\deneme\src\test\java\com\cebrail\app\web\rest\UserResourceIT.java
C:\Users\cebra\deneme\src\test\java\com\cebrail\app\web\rest\UserJWTControllerIT.java
